<html>
<body>
<pre>
<h1>µVision Build Log</h1>
<h2>Project:</h2>
D:\HYQ\Git\sys1\keil\p0_rtx\HelloWorld\HelloWorld.uvproj
Project File Date:  04/19/2013

<h2>Output:</h2>
Build target 'HelloWorld SIM'
assembling startup_LPC17xx.s...
compiling system_LPC17xx.c...
compiling uart_polling.c...
compiling helloworld.c...
src\helloworld.c(6): warning:  #223-D: function "uart0_init" declared implicitly
src\helloworld.c(7): warning:  #223-D: function "uart0_put_string" declared implicitly
src\helloworld.c(9): warning:  #1-D: last line of file ends without a newline
linking...
HelloWorld.axf: Error: L6218E: Undefined symbol uart0_init (referred from helloworld.o).
HelloWorld.axf: Error: L6218E: Undefined symbol uart0_put_string (referred from helloworld.o).
Target not created
Build target 'HelloWorld SIM'
compiling helloworld.c...
src\helloworld.c(10): warning:  #1-D: last line of file ends without a newline
linking...
Program Size: Code=1128 RO-data=236 RW-data=4 ZI-data=612  
"HelloWorld.axf" - 0 Error(s), 1 Warning(s).
Clean started: Project: 'HelloWorld'
   deleting intermediate output files for target 'HelloWorld SIM'
Build target 'HelloWorld SIM'
assembling startup_LPC17xx.s...
compiling system_LPC17xx.c...
compiling uart_polling.c...
compiling helloworld.c...
linking...
Program Size: Code=1128 RO-data=236 RW-data=4 ZI-data=612  
".\build\HelloWorld.axf" - 0 Error(s), 0 Warning(s).
Build target 'HelloWorld SIM'
linking...
Program Size: Code=1128 RO-data=236 RW-data=4 ZI-data=612  
".\build\HelloWorld.axf" - 0 Error(s), 0 Warning(s).
Build target 'HelloWorld SIM'
compiling helloworld.c...
linking...
Program Size: Code=1128 RO-data=236 RW-data=4 ZI-data=612  
".\build\HelloWorld.axf" - 0 Error(s), 0 Warning(s).
Clean started: Project: 'HelloWorld'
   deleting intermediate output files for target 'HelloWorld SIM'
Load "D:\\HYQ\\Git\\sys1\\keil\\p0_rtx\\HelloWorld\\build\\HelloWorld.AXF" 
_____^
*** error 56: cannot open file
Build target 'HelloWorld SIM'
assembling startup_LPC17xx.s...
compiling system_LPC17xx.c...
compiling uart_polling.c...
compiling helloworld.c...
linking...
Program Size: Code=1128 RO-data=236 RW-data=4 ZI-data=612  
".\build\HelloWorld.axf" - 0 Error(s), 0 Warning(s).
Load "D:\\HYQ\\Git\\sys1\\keil\\p0_rtx\\HelloWorld\\build\\HelloWorld.AXF" 
Erase Done.
Programming Done.
Verify OK.
